// Jest Snapshot v1, https://goo.gl/fbAQLP

exports[`App Component renders correctly 1`] = `
<App>
  <div>
    <Memo(GlobalStyleComponent)
      modalOpened={false}
    />
    <App__Wrapper>
      <div
        className="App__Wrapper-sc-1lnx15z-0 ijWOKF"
      />
    </App__Wrapper>
  </div>
</App>
`;
